Vocabulary size: 108
Train tokens: 1,752,912
Val tokens: 194,768
Model created with 4,860,012 parameters

Step     0 | val loss 4.7624
Step   500 | val loss 0.0138
Step  1000 | val loss 0.0113
Step  1500 | val loss 0.0115
Step  2000 | val loss 0.0089
Step  2500 | val loss 0.0087
Step  3000 | val loss 0.0085
Step  3500 | val loss 0.0098
Step  4000 | val loss 0.0108
Step  4500 | val loss 0.0101
Step  5000 | val loss 0.0096
Step  5500 | val loss 0.0077
Step  6000 | val loss 0.0074
Step  6500 | val loss 0.0080
Step  7000 | val loss 0.0076
Step  7500 | val loss 0.0054
Step  8000 | val loss 0.0074
Step  8500 | val loss 0.0054
Step  9000 | val loss 0.0075
Step  9500 | val loss 0.0079

Best val loss: 0.0054

=== Generated Text ===
The sea a  e s   aee Th   e  e        e        e     e                                    e     e                                                     e                                  
